Archive member included to satisfy reference by file (symbol)

c:/st/stm32cubeide_1.11.2/stm32cubeide/plugins/com.st.stm32cube.ide.mcu.externaltools.gnu-tools-for-stm32.10.3-2021.10.win32_1.0.100.202210260954/tools/bin/../lib/gcc/arm-none-eabi/10.3.1/../../../../arm-none-eabi/lib/thumb/v7-m/nofp\libc_nano.a(lib_a-errno.o)
                              ./Src/syscalls.o (__errno)
c:/st/stm32cubeide_1.11.2/stm32cubeide/plugins/com.st.stm32cube.ide.mcu.externaltools.gnu-tools-for-stm32.10.3-2021.10.win32_1.0.100.202210260954/tools/bin/../lib/gcc/arm-none-eabi/10.3.1/../../../../arm-none-eabi/lib/thumb/v7-m/nofp\libc_nano.a(lib_a-exit.o)
                              c:/st/stm32cubeide_1.11.2/stm32cubeide/plugins/com.st.stm32cube.ide.mcu.externaltools.gnu-tools-for-stm32.10.3-2021.10.win32_1.0.100.202210260954/tools/bin/../lib/gcc/arm-none-eabi/10.3.1/../../../../arm-none-eabi/lib/thumb/v7-m/nofp/crt0.o (exit)
c:/st/stm32cubeide_1.11.2/stm32cubeide/plugins/com.st.stm32cube.ide.mcu.externaltools.gnu-tools-for-stm32.10.3-2021.10.win32_1.0.100.202210260954/tools/bin/../lib/gcc/arm-none-eabi/10.3.1/../../../../arm-none-eabi/lib/thumb/v7-m/nofp\libc_nano.a(lib_a-impure.o)
                              c:/st/stm32cubeide_1.11.2/stm32cubeide/plugins/com.st.stm32cube.ide.mcu.externaltools.gnu-tools-for-stm32.10.3-2021.10.win32_1.0.100.202210260954/tools/bin/../lib/gcc/arm-none-eabi/10.3.1/../../../../arm-none-eabi/lib/thumb/v7-m/nofp\libc_nano.a(lib_a-exit.o) (_global_impure_ptr)
c:/st/stm32cubeide_1.11.2/stm32cubeide/plugins/com.st.stm32cube.ide.mcu.externaltools.gnu-tools-for-stm32.10.3-2021.10.win32_1.0.100.202210260954/tools/bin/../lib/gcc/arm-none-eabi/10.3.1/../../../../arm-none-eabi/lib/thumb/v7-m/nofp\libc_nano.a(lib_a-init.o)
                              c:/st/stm32cubeide_1.11.2/stm32cubeide/plugins/com.st.stm32cube.ide.mcu.externaltools.gnu-tools-for-stm32.10.3-2021.10.win32_1.0.100.202210260954/tools/bin/../lib/gcc/arm-none-eabi/10.3.1/../../../../arm-none-eabi/lib/thumb/v7-m/nofp/crt0.o (__libc_init_array)
c:/st/stm32cubeide_1.11.2/stm32cubeide/plugins/com.st.stm32cube.ide.mcu.externaltools.gnu-tools-for-stm32.10.3-2021.10.win32_1.0.100.202210260954/tools/bin/../lib/gcc/arm-none-eabi/10.3.1/../../../../arm-none-eabi/lib/thumb/v7-m/nofp\libc_nano.a(lib_a-memset.o)
                              c:/st/stm32cubeide_1.11.2/stm32cubeide/plugins/com.st.stm32cube.ide.mcu.externaltools.gnu-tools-for-stm32.10.3-2021.10.win32_1.0.100.202210260954/tools/bin/../lib/gcc/arm-none-eabi/10.3.1/../../../../arm-none-eabi/lib/thumb/v7-m/nofp/crt0.o (memset)

Discarded input sections

 .text          0x0000000000000000        0x0 c:/st/stm32cubeide_1.11.2/stm32cubeide/plugins/com.st.stm32cube.ide.mcu.externaltools.gnu-tools-for-stm32.10.3-2021.10.win32_1.0.100.202210260954/tools/bin/../lib/gcc/arm-none-eabi/10.3.1/thumb/v7-m/nofp/crti.o
 .data          0x0000000000000000        0x0 c:/st/stm32cubeide_1.11.2/stm32cubeide/plugins/com.st.stm32cube.ide.mcu.externaltools.gnu-tools-for-stm32.10.3-2021.10.win32_1.0.100.202210260954/tools/bin/../lib/gcc/arm-none-eabi/10.3.1/thumb/v7-m/nofp/crti.o
 .bss           0x0000000000000000        0x0 c:/st/stm32cubeide_1.11.2/stm32cubeide/plugins/com.st.stm32cube.ide.mcu.externaltools.gnu-tools-for-stm32.10.3-2021.10.win32_1.0.100.202210260954/tools/bin/../lib/gcc/arm-none-eabi/10.3.1/thumb/v7-m/nofp/crti.o
 .data          0x0000000000000000        0x4 c:/st/stm32cubeide_1.11.2/stm32cubeide/plugins/com.st.stm32cube.ide.mcu.externaltools.gnu-tools-for-stm32.10.3-2021.10.win32_1.0.100.202210260954/tools/bin/../lib/gcc/arm-none-eabi/10.3.1/thumb/v7-m/nofp/crtbegin.o
 .rodata        0x0000000000000000       0x24 c:/st/stm32cubeide_1.11.2/stm32cubeide/plugins/com.st.stm32cube.ide.mcu.externaltools.gnu-tools-for-stm32.10.3-2021.10.win32_1.0.100.202210260954/tools/bin/../lib/gcc/arm-none-eabi/10.3.1/thumb/v7-m/nofp/crtbegin.o
 .text          0x0000000000000000       0x7c c:/st/stm32cubeide_1.11.2/stm32cubeide/plugins/com.st.stm32cube.ide.mcu.externaltools.gnu-tools-for-stm32.10.3-2021.10.win32_1.0.100.202210260954/tools/bin/../lib/gcc/arm-none-eabi/10.3.1/../../../../arm-none-eabi/lib/thumb/v7-m/nofp/crt0.o
 .data          0x0000000000000000        0x0 c:/st/stm32cubeide_1.11.2/stm32cubeide/plugins/com.st.stm32cube.ide.mcu.externaltools.gnu-tools-for-stm32.10.3-2021.10.win32_1.0.100.202210260954/tools/bin/../lib/gcc/arm-none-eabi/10.3.1/../../../../arm-none-eabi/lib/thumb/v7-m/nofp/crt0.o
 .bss           0x0000000000000000        0x0 c:/st/stm32cubeide_1.11.2/stm32cubeide/plugins/com.st.stm32cube.ide.mcu.externaltools.gnu-tools-for-stm32.10.3-2021.10.win32_1.0.100.202210260954/tools/bin/../lib/gcc/arm-none-eabi/10.3.1/../../../../arm-none-eabi/lib/thumb/v7-m/nofp/crt0.o
 .ARM.extab     0x0000000000000000        0x0 c:/st/stm32cubeide_1.11.2/stm32cubeide/plugins/com.st.stm32cube.ide.mcu.externaltools.gnu-tools-for-stm32.10.3-2021.10.win32_1.0.100.202210260954/tools/bin/../lib/gcc/arm-none-eabi/10.3.1/../../../../arm-none-eabi/lib/thumb/v7-m/nofp/crt0.o
 .ARM.exidx     0x0000000000000000       0x10 c:/st/stm32cubeide_1.11.2/stm32cubeide/plugins/com.st.stm32cube.ide.mcu.externaltools.gnu-tools-for-stm32.10.3-2021.10.win32_1.0.100.202210260954/tools/bin/../lib/gcc/arm-none-eabi/10.3.1/../../../../arm-none-eabi/lib/thumb/v7-m/nofp/crt0.o
 .ARM.attributes
                0x0000000000000000       0x1b c:/st/stm32cubeide_1.11.2/stm32cubeide/plugins/com.st.stm32cube.ide.mcu.externaltools.gnu-tools-for-stm32.10.3-2021.10.win32_1.0.100.202210260954/tools/bin/../lib/gcc/arm-none-eabi/10.3.1/../../../../arm-none-eabi/lib/thumb/v7-m/nofp/crt0.o
 .group         0x0000000000000000        0xc ./Src/DIO_prog.o
 .group         0x0000000000000000        0xc ./Src/DIO_prog.o
 .group         0x0000000000000000        0xc ./Src/DIO_prog.o
 .group         0x0000000000000000        0xc ./Src/DIO_prog.o
 .group         0x0000000000000000        0xc ./Src/DIO_prog.o
 .text          0x0000000000000000        0x0 ./Src/DIO_prog.o
 .data          0x0000000000000000        0x0 ./Src/DIO_prog.o
 .bss           0x0000000000000000        0x0 ./Src/DIO_prog.o
 .text.M_GPIO_void_GetPinValue
                0x0000000000000000       0x90 ./Src/DIO_prog.o
 .group         0x0000000000000000        0xc ./Src/EXTI_program.o
 .group         0x0000000000000000        0xc ./Src/EXTI_program.o
 .group         0x0000000000000000        0xc ./Src/EXTI_program.o
 .group         0x0000000000000000        0xc ./Src/EXTI_program.o
 .group         0x0000000000000000        0xc ./Src/EXTI_program.o
 .group         0x0000000000000000        0xc ./Src/EXTI_program.o
 .group         0x0000000000000000        0xc ./Src/EXTI_program.o
 .text          0x0000000000000000        0x0 ./Src/EXTI_program.o
 .data          0x0000000000000000        0x0 ./Src/EXTI_program.o
 .bss           0x0000000000000000        0x0 ./Src/EXTI_program.o
 .text.EXTI_voidInit
                0x0000000000000000        0xc ./Src/EXTI_program.o
 .text.EXTI_voidEnableLine
                0x0000000000000000       0x2c ./Src/EXTI_program.o
 .text.EXTI_voidDisableLine
                0x0000000000000000       0x30 ./Src/EXTI_program.o
 .text.EXTI_voidSetExtiEdge
                0x0000000000000000       0xe4 ./Src/EXTI_program.o
 .text.EXTI_voidSetCallBack
                0x0000000000000000       0x24 ./Src/EXTI_program.o
 .debug_macro   0x0000000000000000      0xa72 ./Src/EXTI_program.o
 .group         0x0000000000000000        0xc ./Src/NVIC_prog.o
 .group         0x0000000000000000        0xc ./Src/NVIC_prog.o
 .group         0x0000000000000000        0xc ./Src/NVIC_prog.o
 .group         0x0000000000000000        0xc ./Src/NVIC_prog.o
 .group         0x0000000000000000        0xc ./Src/NVIC_prog.o
 .text          0x0000000000000000        0x0 ./Src/NVIC_prog.o
 .data          0x0000000000000000        0x0 ./Src/NVIC_prog.o
 .bss           0x0000000000000000        0x0 ./Src/NVIC_prog.o
 .bss.EXTI0_CallBack
                0x0000000000000000        0x4 ./Src/NVIC_prog.o
 .text.NVIC_void_Init
                0x0000000000000000       0x1c ./Src/NVIC_prog.o
 .text.NVIC_void_EnableInt
                0x0000000000000000       0x44 ./Src/NVIC_prog.o
 .text.NVIC_void_DisableInt
                0x0000000000000000       0x44 ./Src/NVIC_prog.o
 .text.NVIC_void_Enable_PendingFlag
                0x0000000000000000       0x44 ./Src/NVIC_prog.o
 .text.NVIC_void_Clr_PendingFlag
                0x0000000000000000       0x44 ./Src/NVIC_prog.o
 .text.NVIC_u8_GetActiveFlag
                0x0000000000000000       0x68 ./Src/NVIC_prog.o
 .text.NVIC_void_Set_Periority
                0x0000000000000000       0x2c ./Src/NVIC_prog.o
 .text.NVIC_voidEXTI0SetCallBack
                0x0000000000000000       0x24 ./Src/NVIC_prog.o
 .text.NVIC_voidEXTI1SetCallBack
                0x0000000000000000       0x24 ./Src/NVIC_prog.o
 .debug_macro   0x0000000000000000      0xa72 ./Src/NVIC_prog.o
 .debug_macro   0x0000000000000000       0x10 ./Src/NVIC_prog.o
 .debug_macro   0x0000000000000000       0x22 ./Src/NVIC_prog.o
 .debug_macro   0x0000000000000000       0x70 ./Src/NVIC_prog.o
 .debug_macro   0x0000000000000000       0x10 ./Src/NVIC_prog.o
 .group         0x0000000000000000        0xc ./Src/PB_prog.o
 .group         0x0000000000000000        0xc ./Src/PB_prog.o
 .group         0x0000000000000000        0xc ./Src/PB_prog.o
 .group         0x0000000000000000        0xc ./Src/PB_prog.o
 .group         0x0000000000000000        0xc ./Src/PB_prog.o
 .text          0x0000000000000000        0x0 ./Src/PB_prog.o
 .data          0x0000000000000000        0x0 ./Src/PB_prog.o
 .bss           0x0000000000000000        0x0 ./Src/PB_prog.o
 .text.PB_void_Init
                0x0000000000000000       0x1c ./Src/PB_prog.o
 .text.PB_void_GetRead
                0x0000000000000000       0x1a ./Src/PB_prog.o
 .debug_info    0x0000000000000000       0xff ./Src/PB_prog.o
 .debug_abbrev  0x0000000000000000       0x9b ./Src/PB_prog.o
 .debug_aranges
                0x0000000000000000       0x28 ./Src/PB_prog.o
 .debug_ranges  0x0000000000000000       0x18 ./Src/PB_prog.o
 .debug_macro   0x0000000000000000       0x3f ./Src/PB_prog.o
 .debug_macro   0x0000000000000000      0xa72 ./Src/PB_prog.o
 .debug_macro   0x0000000000000000       0x10 ./Src/PB_prog.o
 .debug_macro   0x0000000000000000       0x22 ./Src/PB_prog.o
 .debug_macro   0x0000000000000000       0xe2 ./Src/PB_prog.o
 .debug_macro   0x0000000000000000       0x1c ./Src/PB_prog.o
 .debug_line    0x0000000000000000       0xb0 ./Src/PB_prog.o
 .debug_str     0x0000000000000000     0x307d ./Src/PB_prog.o
 .comment       0x0000000000000000       0x51 ./Src/PB_prog.o
 .debug_frame   0x0000000000000000       0x50 ./Src/PB_prog.o
 .ARM.attributes
                0x0000000000000000       0x2d ./Src/PB_prog.o
 .group         0x0000000000000000        0xc ./Src/RCC_program.o
 .group         0x0000000000000000        0xc ./Src/RCC_program.o
 .group         0x0000000000000000        0xc ./Src/RCC_program.o
 .group         0x0000000000000000        0xc ./Src/RCC_program.o
 .group         0x0000000000000000        0xc ./Src/RCC_program.o
 .group         0x0000000000000000        0xc ./Src/RCC_program.o
 .text          0x0000000000000000        0x0 ./Src/RCC_program.o
 .data          0x0000000000000000        0x0 ./Src/RCC_program.o
 .bss           0x0000000000000000        0x0 ./Src/RCC_program.o
 .text.MRCC_voidDisablePerClk
                0x0000000000000000       0x88 ./Src/RCC_program.o
 .debug_macro   0x0000000000000000      0xa72 ./Src/RCC_program.o
 .debug_macro   0x0000000000000000       0x10 ./Src/RCC_program.o
 .debug_macro   0x0000000000000000       0x22 ./Src/RCC_program.o
 .debug_macro   0x0000000000000000       0x1c ./Src/RCC_program.o
 .group         0x0000000000000000        0xc ./Src/RTOS_main.o
 .group         0x0000000000000000        0xc ./Src/RTOS_main.o
 .group         0x0000000000000000        0xc ./Src/RTOS_main.o
 .group         0x0000000000000000        0xc ./Src/RTOS_main.o
 .group         0x0000000000000000        0xc ./Src/RTOS_main.o
 .text          0x0000000000000000        0x0 ./Src/RTOS_main.o
 .data          0x0000000000000000        0x0 ./Src/RTOS_main.o
 .bss           0x0000000000000000        0x0 ./Src/RTOS_main.o
 .debug_macro   0x0000000000000000      0xa72 ./Src/RTOS_main.o
 .debug_macro   0x0000000000000000       0x10 ./Src/RTOS_main.o
 .debug_macro   0x0000000000000000       0x22 ./Src/RTOS_main.o
 .debug_macro   0x0000000000000000       0x1c ./Src/RTOS_main.o
 .debug_macro   0x0000000000000000       0xe2 ./Src/RTOS_main.o
 .group         0x0000000000000000        0xc ./Src/RTOS_program.o
 .group         0x0000000000000000        0xc ./Src/RTOS_program.o
 .group         0x0000000000000000        0xc ./Src/RTOS_program.o
 .group         0x0000000000000000        0xc ./Src/RTOS_program.o
 .text          0x0000000000000000        0x0 ./Src/RTOS_program.o
 .data          0x0000000000000000        0x0 ./Src/RTOS_program.o
 .bss           0x0000000000000000        0x0 ./Src/RTOS_program.o
 .bss.Ticks     0x0000000000000000        0x2 ./Src/RTOS_program.o
 .debug_macro   0x0000000000000000      0xa72 ./Src/RTOS_program.o
 .debug_macro   0x0000000000000000       0x10 ./Src/RTOS_program.o
 .debug_macro   0x0000000000000000       0x22 ./Src/RTOS_program.o
 .group         0x0000000000000000        0xc ./Src/STK_program.o
 .group         0x0000000000000000        0xc ./Src/STK_program.o
 .group         0x0000000000000000        0xc ./Src/STK_program.o
 .group         0x0000000000000000        0xc ./Src/STK_program.o
 .group         0x0000000000000000        0xc ./Src/STK_program.o
 .text          0x0000000000000000        0x0 ./Src/STK_program.o
 .data          0x0000000000000000        0x0 ./Src/STK_program.o
 .bss           0x0000000000000000        0x0 ./Src/STK_program.o
 .text.STK_voidBusyWait
                0x0000000000000000       0x54 ./Src/STK_program.o
 .text.STK_voidSetIntervalSingle
                0x0000000000000000       0x4c ./Src/STK_program.o
 .text.STK_voidStopInterval
                0x0000000000000000       0x28 ./Src/STK_program.o
 .text.STK_u32GetElapsedTime
                0x0000000000000000       0x24 ./Src/STK_program.o
 .text.STK_u32GetRemainingTime
                0x0000000000000000       0x1c ./Src/STK_program.o
 .debug_macro   0x0000000000000000      0xa72 ./Src/STK_program.o
 .debug_macro   0x0000000000000000       0x10 ./Src/STK_program.o
 .debug_macro   0x0000000000000000       0x22 ./Src/STK_program.o
 .group         0x0000000000000000        0xc ./Src/syscalls.o
 .group         0x0000000000000000        0xc ./Src/syscalls.o
 .group         0x0000000000000000        0xc ./Src/syscalls.o
 .group         0x0000000000000000        0xc ./Src/syscalls.o
 .group         0x0000000000000000        0xc ./Src/syscalls.o
 .group         0x0000000000000000        0xc ./Src/syscalls.o
 .group         0x0000000000000000        0xc ./Src/syscalls.o
 .group         0x0000000000000000        0xc ./Src/syscalls.o
 .group         0x0000000000000000        0xc ./Src/syscalls.o
 .group         0x0000000000000000        0xc ./Src/syscalls.o
 .group         0x0000000000000000        0xc ./Src/syscalls.o
 .group         0x0000000000000000        0xc ./Src/syscalls.o
 .group         0x0000000000000000        0xc ./Src/syscalls.o
 .group         0x0000000000000000        0xc ./Src/syscalls.o
 .group         0x0000000000000000        0xc ./Src/syscalls.o
 .group         0x0000000000000000        0xc ./Src/syscalls.o
 .group         0x0000000000000000        0xc ./Src/syscalls.o
 .group         0x0000000000000000        0xc ./Src/syscalls.o
 .group         0x0000000000000000        0xc ./Src/syscalls.o
 .group         0x0000000000000000        0xc ./Src/syscalls.o
 .group         0x0000000000000000        0xc ./Src/syscalls.o
 .group         0x0000000000000000        0xc ./Src/syscalls.o
 .group         0x0000000000000000        0xc ./Src/syscalls.o
 .group         0x0000000000000000        0xc ./Src/syscalls.o
 .group         0x0000000000000000        0xc ./Src/syscalls.o
 .group         0x0000000000000000        0xc ./Src/syscalls.o
 .group         0x0000000000000000        0xc ./Src/syscalls.o
 .group         0x0000000000000000        0xc ./Src/syscalls.o
 .group         0x0000000000000000        0xc ./Src/syscalls.o
 .group         0x0000000000000000        0xc ./Src/syscalls.o
 .group         0x0000000000000000        0xc ./Src/syscalls.o
 .group         0x0000000000000000        0xc ./Src/syscalls.o
 .group         0x0000000000000000        0xc ./Src/syscalls.o
 .group         0x0000000000000000        0xc ./Src/syscalls.o
 .group         0x0000000000000000        0xc ./Src/syscalls.o
 .group         0x0000000000000000        0xc ./Src/syscalls.o
 .group         0x0000000000000000        0xc ./Src/syscalls.o
 .group         0x0000000000000000        0xc ./Src/syscalls.o
 .group         0x0000000000000000        0xc ./Src/syscalls.o
 .group         0x0000000000000000        0xc ./Src/syscalls.o
 .group         0x0000000000000000        0xc ./Src/syscalls.o
 .group         0x0000000000000000        0xc ./Src/syscalls.o
 .group         0x0000000000000000        0xc ./Src/syscalls.o
 .group         0x0000000000000000        0xc ./Src/syscalls.o
 .group         0x0000000000000000        0xc ./Src/syscalls.o
 .group         0x0000000000000000        0xc ./Src/syscalls.o
 .group         0x0000000000000000        0xc ./Src/syscalls.o
 .text          0x0000000000000000        0x0 ./Src/syscalls.o
 .data          0x0000000000000000        0x0 ./Src/syscalls.o
 .bss           0x0000000000000000        0x0 ./Src/syscalls.o
 .bss.__env     0x0000000000000000        0x4 ./Src/syscalls.o
 .data.environ  0x0000000000000000        0x4 ./Src/syscalls.o
 .text.initialise_monitor_handles
                0x0000000000000000        0xc ./Src/syscalls.o
 .text._getpid  0x0000000000000000        0xe ./Src/syscalls.o
 .text._kill    0x0000000000000000       0x20 ./Src/syscalls.o
 .text._exit    0x0000000000000000       0x14 ./Src/syscalls.o
 .text._read    0x0000000000000000       0x3a ./Src/syscalls.o
 .text._write   0x0000000000000000       0x38 ./Src/syscalls.o
 .text._close   0x0000000000000000       0x16 ./Src/syscalls.o
 .text._fstat   0x0000000000000000       0x1e ./Src/syscalls.o
 .text._isatty  0x0000000000000000       0x14 ./Src/syscalls.o
 .text._lseek   0x0000000000000000       0x18 ./Src/syscalls.o
 .text._open    0x0000000000000000       0x1a ./Src/syscalls.o
 .text._wait    0x0000000000000000       0x1e ./Src/syscalls.o
 .text._unlink  0x0000000000000000       0x1e ./Src/syscalls.o
 .text._times   0x0000000000000000       0x16 ./Src/syscalls.o
 .text._stat    0x0000000000000000       0x1e ./Src/syscalls.o
 .text._link    0x0000000000000000       0x20 ./Src/syscalls.o
 .text._fork    0x0000000000000000       0x16 ./Src/syscalls.o
 .text._execve  0x0000000000000000       0x22 ./Src/syscalls.o
 .debug_info    0x0000000000000000      0x6e0 ./Src/syscalls.o
 .debug_abbrev  0x0000000000000000      0x1b3 ./Src/syscalls.o
 .debug_aranges
                0x0000000000000000       0xa8 ./Src/syscalls.o
 .debug_ranges  0x0000000000000000       0x98 ./Src/syscalls.o
 .debug_macro   0x0000000000000000      0x24c ./Src/syscalls.o
 .debug_macro   0x0000000000000000      0xa72 ./Src/syscalls.o
 .debug_macro   0x0000000000000000       0x22 ./Src/syscalls.o
 .debug_macro   0x0000000000000000       0x4c ./Src/syscalls.o
 .debug_macro   0x0000000000000000       0x18 ./Src/syscalls.o
 .debug_macro   0x0000000000000000       0x94 ./Src/syscalls.o
 .debug_macro   0x0000000000000000       0x3c ./Src/syscalls.o
 .debug_macro   0x0000000000000000       0x34 ./Src/syscalls.o
 .debug_macro   0x0000000000000000       0x57 ./Src/syscalls.o
 .debug_macro   0x0000000000000000      0x174 ./Src/syscalls.o
 .debug_macro   0x0000000000000000      0x341 ./Src/syscalls.o
 .debug_macro   0x0000000000000000       0x16 ./Src/syscalls.o
 .debug_macro   0x0000000000000000       0x43 ./Src/syscalls.o
 .debug_macro   0x0000000000000000       0x34 ./Src/syscalls.o
 .debug_macro   0x0000000000000000       0x10 ./Src/syscalls.o
 .debug_macro   0x0000000000000000       0x58 ./Src/syscalls.o
 .debug_macro   0x0000000000000000       0x71 ./Src/syscalls.o
 .debug_macro   0x0000000000000000       0x1c ./Src/syscalls.o
 .debug_macro   0x0000000000000000      0x12a ./Src/syscalls.o
 .debug_macro   0x0000000000000000       0x10 ./Src/syscalls.o
 .debug_macro   0x0000000000000000       0x35 ./Src/syscalls.o
 .debug_macro   0x0000000000000000       0x10 ./Src/syscalls.o
 .debug_macro   0x0000000000000000       0x10 ./Src/syscalls.o
 .debug_macro   0x0000000000000000       0x10 ./Src/syscalls.o
 .debug_macro   0x0000000000000000       0x6a ./Src/syscalls.o
 .debug_macro   0x0000000000000000       0x1c ./Src/syscalls.o
 .debug_macro   0x0000000000000000       0x52 ./Src/syscalls.o
 .debug_macro   0x0000000000000000       0x22 ./Src/syscalls.o
 .debug_macro   0x0000000000000000       0x10 ./Src/syscalls.o
 .debug_macro   0x0000000000000000       0x52 ./Src/syscalls.o
 .debug_macro   0x0000000000000000       0xd5 ./Src/syscalls.o
 .debug_macro   0x0000000000000000       0x1c ./Src/syscalls.o
 .debug_macro   0x0000000000000000       0x3d ./Src/syscalls.o
 .debug_macro   0x0000000000000000       0x35 ./Src/syscalls.o
 .debug_macro   0x0000000000000000      0x12c ./Src/syscalls.o
 .debug_macro   0x0000000000000000       0x16 ./Src/syscalls.o
 .debug_macro   0x0000000000000000       0x16 ./Src/syscalls.o
 .debug_macro   0x0000000000000000       0x29 ./Src/syscalls.o
 .debug_macro   0x0000000000000000       0x10 ./Src/syscalls.o
 .debug_macro   0x0000000000000000      0x241 ./Src/syscalls.o
 .debug_macro   0x0000000000000000       0x1c ./Src/syscalls.o
 .debug_macro   0x0000000000000000       0x10 ./Src/syscalls.o
 .debug_macro   0x0000000000000000       0x10 ./Src/syscalls.o
 .debug_macro   0x0000000000000000       0x16 ./Src/syscalls.o
 .debug_macro   0x0000000000000000      0x145 ./Src/syscalls.o
 .debug_macro   0x0000000000000000      0x189 ./Src/syscalls.o
 .debug_macro   0x0000000000000000       0x16 ./Src/syscalls.o
 .debug_macro   0x0000000000000000       0xce ./Src/syscalls.o
 .debug_line    0x0000000000000000      0x7f9 ./Src/syscalls.o
 .debug_str     0x0000000000000000     0x8a2e ./Src/syscalls.o
 .comment       0x0000000000000000       0x51 ./Src/syscalls.o
 .debug_frame   0x0000000000000000      0x2ac ./Src/syscalls.o
 .ARM.attributes
                0x0000000000000000       0x2d ./Src/syscalls.o
 .group         0x0000000000000000        0xc ./Src/sysmem.o
 .group         0x0000000000000000        0xc ./Src/sysmem.o
 .group         0x0000000000000000        0xc ./Src/sysmem.o
 .group         0x0000000000000000        0xc ./Src/sysmem.o
 .group         0x0000000000000000        0xc ./Src/sysmem.o
 .group         0x0000000000000000        0xc ./Src/sysmem.o
 .group         0x0000000000000000        0xc ./Src/sysmem.o
 .group         0x0000000000000000        0xc ./Src/sysmem.o
 .group         0x0000000000000000        0xc ./Src/sysmem.o
 .group         0x0000000000000000        0xc ./Src/sysmem.o
 .group         0x0000000000000000        0xc ./Src/sysmem.o
 .group         0x0000000000000000        0xc ./Src/sysmem.o
 .group         0x0000000000000000        0xc ./Src/sysmem.o
 .group         0x0000000000000000        0xc ./Src/sysmem.o
 .group         0x0000000000000000        0xc ./Src/sysmem.o
 .group         0x0000000000000000        0xc ./Src/sysmem.o
 .group         0x0000000000000000        0xc ./Src/sysmem.o
 .group         0x0000000000000000        0xc ./Src/sysmem.o
 .group         0x0000000000000000        0xc ./Src/sysmem.o
 .group         0x0000000000000000        0xc ./Src/sysmem.o
 .group         0x0000000000000000        0xc ./Src/sysmem.o
 .group         0x0000000000000000        0xc ./Src/sysmem.o
 .text          0x0000000000000000        0x0 ./Src/sysmem.o
 .data          0x0000000000000000        0x0 ./Src/sysmem.o
 .bss           0x0000000000000000        0x0 ./Src/sysmem.o
 .bss.__sbrk_heap_end
                0x0000000000000000        0x4 ./Src/sysmem.o
 .text._sbrk    0x0000000000000000       0x6c ./Src/sysmem.o
 .debug_info    0x0000000000000000      0x171 ./Src/sysmem.o
 .debug_abbrev  0x0000000000000000       0xbb ./Src/sysmem.o
 .debug_aranges
                0x0000000000000000       0x20 ./Src/sysmem.o
 .debug_ranges  0x0000000000000000       0x10 ./Src/sysmem.o
 .debug_macro   0x0000000000000000       0xff ./Src/sysmem.o
 .debug_macro   0x0000000000000000      0xa72 ./Src/sysmem.o
 .debug_macro   0x0000000000000000       0x10 ./Src/sysmem.o
 .debug_macro   0x0000000000000000       0x22 ./Src/sysmem.o
 .debug_macro   0x0000000000000000       0x4c ./Src/sysmem.o
 .debug_macro   0x0000000000000000       0x18 ./Src/sysmem.o
 .debug_macro   0x0000000000000000       0x94 ./Src/sysmem.o
 .debug_macro   0x0000000000000000       0x3c ./Src/sysmem.o
 .debug_macro   0x0000000000000000       0x34 ./Src/sysmem.o
 .debug_macro   0x0000000000000000      0x174 ./Src/sysmem.o
 .debug_macro   0x0000000000000000       0x16 ./Src/sysmem.o
 .debug_macro   0x0000000000000000       0x43 ./Src/sysmem.o
 .debug_macro   0x0000000000000000       0x57 ./Src/sysmem.o
 .debug_macro   0x0000000000000000       0x34 ./Src/sysmem.o
 .debug_macro   0x0000000000000000       0x10 ./Src/sysmem.o
 .debug_macro   0x0000000000000000       0x58 ./Src/sysmem.o
 .debug_macro   0x0000000000000000       0x71 ./Src/sysmem.o
 .debug_macro   0x0000000000000000       0x1c ./Src/sysmem.o
 .debug_macro   0x0000000000000000      0x12a ./Src/sysmem.o
 .debug_macro   0x0000000000000000      0x23b ./Src/sysmem.o
 .debug_macro   0x0000000000000000      0x103 ./Src/sysmem.o
 .debug_macro   0x0000000000000000       0x6a ./Src/sysmem.o
 .debug_macro   0x0000000000000000      0x1df ./Src/sysmem.o
 .debug_line    0x0000000000000000      0x4ef ./Src/sysmem.o
 .debug_str     0x0000000000000000     0x5d6a ./Src/sysmem.o
 .comment       0x0000000000000000       0x51 ./Src/sysmem.o
 .debug_frame   0x0000000000000000       0x34 ./Src/sysmem.o
 .ARM.attributes
                0x0000000000000000       0x2d ./Src/sysmem.o
 .text          0x0000000000000000       0x14 ./Startup/startup_stm32f103c8tx.o
 .data          0x0000000000000000        0x0 ./Startup/startup_stm32f103c8tx.o
 .bss           0x0000000000000000        0x0 ./Startup/startup_stm32f103c8tx.o
 .text          0x0000000000000000        0x0 c:/st/stm32cubeide_1.11.2/stm32cubeide/plugins/com.st.stm32cube.ide.mcu.externaltools.gnu-tools-for-stm32.10.3-2021.10.win32_1.0.100.202210260954/tools/bin/../lib/gcc/arm-none-eabi/10.3.1/../../../../arm-none-eabi/lib/thumb/v7-m/nofp\libc_nano.a(lib_a-errno.o)
 .data          0x0000000000000000        0x0 c:/st/stm32cubeide_1.11.2/stm32cubeide/plugins/com.st.stm32cube.ide.mcu.externaltools.gnu-tools-for-stm32.10.3-2021.10.win32_1.0.100.202210260954/tools/bin/../lib/gcc/arm-none-eabi/10.3.1/../../../../arm-none-eabi/lib/thumb/v7-m/nofp\libc_nano.a(lib_a-errno.o)
 .bss           0x0000000000000000        0x0 c:/st/stm32cubeide_1.11.2/stm32cubeide/plugins/com.st.stm32cube.ide.mcu.externaltools.gnu-tools-for-stm32.10.3-2021.10.win32_1.0.100.202210260954/tools/bin/../lib/gcc/arm-none-eabi/10.3.1/../../../../arm-none-eabi/lib/thumb/v7-m/nofp\libc_nano.a(lib_a-errno.o)
 .text.__errno  0x0000000000000000        0xc c:/st/stm32cubeide_1.11.2/stm32cubeide/plugins/com.st.stm32cube.ide.mcu.externaltools.gnu-tools-for-stm32.10.3-2021.10.win32_1.0.100.202210260954/tools/bin/../lib/gcc/arm-none-eabi/10.3.1/../../../../arm-none-eabi/lib/thumb/v7-m/nofp\libc_nano.a(lib_a-errno.o)
 .debug_frame   0x0000000000000000       0x20 c:/st/stm32cubeide_1.11.2/stm32cubeide/plugins/com.st.stm32cube.ide.mcu.externaltools.gnu-tools-for-stm32.10.3-2021.10.win32_1.0.100.202210260954/tools/bin/../lib/gcc/arm-none-eabi/10.3.1/../../../../arm-none-eabi/lib/thumb/v7-m/nofp\libc_nano.a(lib_a-errno.o)
 .ARM.attributes
                0x0000000000000000       0x2d c:/st/stm32cubeide_1.11.2/stm32cubeide/plugins/com.st.stm32cube.ide.mcu.externaltools.gnu-tools-for-stm32.10.3-2021.10.win32_1.0.100.202210260954/tools/bin/../lib/gcc/arm-none-eabi/10.3.1/../../../../arm-none-eabi/lib/thumb/v7-m/nofp\libc_nano.a(lib_a-errno.o)
 .text          0x0000000000000000        0x0 c:/st/stm32cubeide_1.11.2/stm32cubeide/plugins/com.st.stm32cube.ide.mcu.externaltools.gnu-tools-for-stm32.10.3-2021.10.win32_1.0.100.202210260954/tools/bin/../lib/gcc/arm-none-eabi/10.3.1/../../../../arm-none-eabi/lib/thumb/v7-m/nofp\libc_nano.a(lib_a-exit.o)
 .data          0x0000000000000000        0x0 c:/st/stm32cubeide_1.11.2/stm32cubeide/plugins/com.st.stm32cube.ide.mcu.externaltools.gnu-tools-for-stm32.10.3-2021.10.win32_1.0.100.202210260954/tools/bin/../lib/gcc/arm-none-eabi/10.3.1/../../../../arm-none-eabi/lib/thumb/v7-m/nofp\libc_nano.a(lib_a-exit.o)
 .bss           0x0000000000000000        0x0 c:/st/stm32cubeide_1.11.2/stm32cubeide/plugins/com.st.stm32cube.ide.mcu.externaltools.gnu-tools-for-stm32.10.3-2021.10.win32_1.0.100.202210260954/tools/bin/../lib/gcc/arm-none-eabi/10.3.1/../../../../arm-none-eabi/lib/thumb/v7-m/nofp\libc_nano.a(lib_a-exit.o)
 .text.exit     0x0000000000000000       0x28 c:/st/stm32cubeide_1.11.2/stm32cubeide/plugins/com.st.stm32cube.ide.mcu.externaltools.gnu-tools-for-stm32.10.3-2021.10.win32_1.0.100.202210260954/tools/bin/../lib/gcc/arm-none-eabi/10.3.1/../../../../arm-none-eabi/lib/thumb/v7-m/nofp\libc_nano.a(lib_a-exit.o)
 .debug_frame   0x0000000000000000       0x28 c:/st/stm32cubeide_1.11.2/stm32cubeide/plugins/com.st.stm32cube.ide.mcu.externaltools.gnu-tools-for-stm32.10.3-2021.10.win32_1.0.100.202210260954/tools/bin/../lib/gcc/arm-none-eabi/10.3.1/../../../../arm-none-eabi/lib/thumb/v7-m/nofp\libc_nano.a(lib_a-exit.o)
 .ARM.attributes
                0x0000000000000000       0x2d c:/st/stm32cubeide_1.11.2/stm32cubeide/plugins/com.st.stm32cube.ide.mcu.externaltools.gnu-tools-for-stm32.10.3-2021.10.win32_1.0.100.202210260954/tools/bin/../lib/gcc/arm-none-eabi/10.3.1/../../../../arm-none-eabi/lib/thumb/v7-m/nofp\libc_nano.a(lib_a-exit.o)
 .text          0x0000000000000000        0x0 c:/st/stm32cubeide_1.11.2/stm32cubeide/plugins/com.st.stm32cube.ide.mcu.externaltools.gnu-tools-for-stm32.10.3-2021.10.win32_1.0.100.202210260954/tools/bin/../lib/gcc/arm-none-eabi/10.3.1/../../../../arm-none-eabi/lib/thumb/v7-m/nofp\libc_nano.a(lib_a-impure.o)
 .data          0x0000000000000000        0x0 c:/st/stm32cubeide_1.11.2/stm32cubeide/plugins/com.st.stm32cube.ide.mcu.externaltools.gnu-tools-for-stm32.10.3-2021.10.win32_1.0.100.202210260954/tools/bin/../lib/gcc/arm-none-eabi/10.3.1/../../../../arm-none-eabi/lib/thumb/v7-m/nofp\libc_nano.a(lib_a-impure.o)
 .bss           0x0000000000000000        0x0 c:/st/stm32cubeide_1.11.2/stm32cubeide/plugins/com.st.stm32cube.ide.mcu.externaltools.gnu-tools-for-stm32.10.3-2021.10.win32_1.0.100.202210260954/tools/bin/../lib/gcc/arm-none-eabi/10.3.1/../../../../arm-none-eabi/lib/thumb/v7-m/nofp\libc_nano.a(lib_a-impure.o)
 .data._impure_ptr
                0x0000000000000000        0x4 c:/st/stm32cubeide_1.11.2/stm32cubeide/plugins/com.st.stm32cube.ide.mcu.externaltools.gnu-tools-for-stm32.10.3-2021.10.win32_1.0.100.202210260954/tools/bin/../lib/gcc/arm-none-eabi/10.3.1/../../../../arm-none-eabi/lib/thumb/v7-m/nofp\libc_nano.a(lib_a-impure.o)
 .data.impure_data
                0x0000000000000000       0x60 c:/st/stm32cubeide_1.11.2/stm32cubeide/plugins/com.st.stm32cube.ide.mcu.externaltools.gnu-tools-for-stm32.10.3-2021.10.win32_1.0.100.202210260954/tools/bin/../lib/gcc/arm-none-eabi/10.3.1/../../../../arm-none-eabi/lib/thumb/v7-m/nofp\libc_nano.a(lib_a-impure.o)
 .rodata._global_impure_ptr
                0x0000000000000000        0x4 c:/st/stm32cubeide_1.11.2/stm32cubeide/plugins/com.st.stm32cube.ide.mcu.externaltools.gnu-tools-for-stm32.10.3-2021.10.win32_1.0.100.202210260954/tools/bin/../lib/gcc/arm-none-eabi/10.3.1/../../../../arm-none-eabi/lib/thumb/v7-m/nofp\libc_nano.a(lib_a-impure.o)
 .ARM.attributes
                0x0000000000000000       0x2d c:/st/stm32cubeide_1.11.2/stm32cubeide/plugins/com.st.stm32cube.ide.mcu.externaltools.gnu-tools-for-stm32.10.3-2021.10.win32_1.0.100.202210260954/tools/bin/../lib/gcc/arm-none-eabi/10.3.1/../../../../arm-none-eabi/lib/thumb/v7-m/nofp\libc_nano.a(lib_a-impure.o)
 .text          0x0000000000000000        0x0 c:/st/stm32cubeide_1.11.2/stm32cubeide/plugins/com.st.stm32cube.ide.mcu.externaltools.gnu-tools-for-stm32.10.3-2021.10.win32_1.0.100.202210260954/tools/bin/../lib/gcc/arm-none-eabi/10.3.1/../../../../arm-none-eabi/lib/thumb/v7-m/nofp\libc_nano.a(lib_a-init.o)
 .data          0x0000000000000000        0x0 c:/st/stm32cubeide_1.11.2/stm32cubeide/plugins/com.st.stm32cube.ide.mcu.externaltools.gnu-tools-for-stm32.10.3-2021.10.win32_1.0.100.202210260954/tools/bin/../lib/gcc/arm-none-eabi/10.3.1/../../../../arm-none-eabi/lib/thumb/v7-m/nofp\libc_nano.a(lib_a-init.o)
 .bss           0x0000000000000000        0x0 c:/st/stm32cubeide_1.11.2/stm32cubeide/plugins/com.st.stm32cube.ide.mcu.externaltools.gnu-tools-for-stm32.10.3-2021.10.win32_1.0.100.202210260954/tools/bin/../lib/gcc/arm-none-eabi/10.3.1/../../../../arm-none-eabi/lib/thumb/v7-m/nofp\libc_nano.a(lib_a-init.o)
 .text          0x0000000000000000        0x0 c:/st/stm32cubeide_1.11.2/stm32cubeide/plugins/com.st.stm32cube.ide.mcu.externaltools.gnu-tools-for-stm32.10.3-2021.10.win32_1.0.100.202210260954/tools/bin/../lib/gcc/arm-none-eabi/10.3.1/../../../../arm-none-eabi/lib/thumb/v7-m/nofp\libc_nano.a(lib_a-memset.o)
 .data          0x0000000000000000        0x0 c:/st/stm32cubeide_1.11.2/stm32cubeide/plugins/com.st.stm32cube.ide.mcu.externaltools.gnu-tools-for-stm32.10.3-2021.10.win32_1.0.100.202210260954/tools/bin/../lib/gcc/arm-none-eabi/10.3.1/../../../../arm-none-eabi/lib/thumb/v7-m/nofp\libc_nano.a(lib_a-memset.o)
 .bss           0x0000000000000000        0x0 c:/st/stm32cubeide_1.11.2/stm32cubeide/plugins/com.st.stm32cube.ide.mcu.externaltools.gnu-tools-for-stm32.10.3-2021.10.win32_1.0.100.202210260954/tools/bin/../lib/gcc/arm-none-eabi/10.3.1/../../../../arm-none-eabi/lib/thumb/v7-m/nofp\libc_nano.a(lib_a-memset.o)
 .text.memset   0x0000000000000000       0x10 c:/st/stm32cubeide_1.11.2/stm32cubeide/plugins/com.st.stm32cube.ide.mcu.externaltools.gnu-tools-for-stm32.10.3-2021.10.win32_1.0.100.202210260954/tools/bin/../lib/gcc/arm-none-eabi/10.3.1/../../../../arm-none-eabi/lib/thumb/v7-m/nofp\libc_nano.a(lib_a-memset.o)
 .debug_frame   0x0000000000000000       0x20 c:/st/stm32cubeide_1.11.2/stm32cubeide/plugins/com.st.stm32cube.ide.mcu.externaltools.gnu-tools-for-stm32.10.3-2021.10.win32_1.0.100.202210260954/tools/bin/../lib/gcc/arm-none-eabi/10.3.1/../../../../arm-none-eabi/lib/thumb/v7-m/nofp\libc_nano.a(lib_a-memset.o)
 .ARM.attributes
                0x0000000000000000       0x2d c:/st/stm32cubeide_1.11.2/stm32cubeide/plugins/com.st.stm32cube.ide.mcu.externaltools.gnu-tools-for-stm32.10.3-2021.10.win32_1.0.100.202210260954/tools/bin/../lib/gcc/arm-none-eabi/10.3.1/../../../../arm-none-eabi/lib/thumb/v7-m/nofp\libc_nano.a(lib_a-memset.o)
 .text          0x0000000000000000        0x0 c:/st/stm32cubeide_1.11.2/stm32cubeide/plugins/com.st.stm32cube.ide.mcu.externaltools.gnu-tools-for-stm32.10.3-2021.10.win32_1.0.100.202210260954/tools/bin/../lib/gcc/arm-none-eabi/10.3.1/thumb/v7-m/nofp/crtend.o
 .data          0x0000000000000000        0x0 c:/st/stm32cubeide_1.11.2/stm32cubeide/plugins/com.st.stm32cube.ide.mcu.externaltools.gnu-tools-for-stm32.10.3-2021.10.win32_1.0.100.202210260954/tools/bin/../lib/gcc/arm-none-eabi/10.3.1/thumb/v7-m/nofp/crtend.o
 .bss           0x0000000000000000        0x0 c:/st/stm32cubeide_1.11.2/stm32cubeide/plugins/com.st.stm32cube.ide.mcu.externaltools.gnu-tools-for-stm32.10.3-2021.10.win32_1.0.100.202210260954/tools/bin/../lib/gcc/arm-none-eabi/10.3.1/thumb/v7-m/nofp/crtend.o
 .rodata        0x0000000000000000       0x24 c:/st/stm32cubeide_1.11.2/stm32cubeide/plugins/com.st.stm32cube.ide.mcu.externaltools.gnu-tools-for-stm32.10.3-2021.10.win32_1.0.100.202210260954/tools/bin/../lib/gcc/arm-none-eabi/10.3.1/thumb/v7-m/nofp/crtend.o
 .eh_frame      0x0000000000000000        0x4 c:/st/stm32cubeide_1.11.2/stm32cubeide/plugins/com.st.stm32cube.ide.mcu.externaltools.gnu-tools-for-stm32.10.3-2021.10.win32_1.0.100.202210260954/tools/bin/../lib/gcc/arm-none-eabi/10.3.1/thumb/v7-m/nofp/crtend.o
 .ARM.attributes
                0x0000000000000000       0x2d c:/st/stm32cubeide_1.11.2/stm32cubeide/plugins/com.st.stm32cube.ide.mcu.externaltools.gnu-tools-for-stm32.10.3-2021.10.win32_1.0.100.202210260954/tools/bin/../lib/gcc/arm-none-eabi/10.3.1/thumb/v7-m/nofp/crtend.o
 .text          0x0000000000000000        0x0 c:/st/stm32cubeide_1.11.2/stm32cubeide/plugins/com.st.stm32cube.ide.mcu.externaltools.gnu-tools-for-stm32.10.3-2021.10.win32_1.0.100.202210260954/tools/bin/../lib/gcc/arm-none-eabi/10.3.1/thumb/v7-m/nofp/crtn.o
 .data          0x0000000000000000        0x0 c:/st/stm32cubeide_1.11.2/stm32cubeide/plugins/com.st.stm32cube.ide.mcu.externaltools.gnu-tools-for-stm32.10.3-2021.10.win32_1.0.100.202210260954/tools/bin/../lib/gcc/arm-none-eabi/10.3.1/thumb/v7-m/nofp/crtn.o
 .bss           0x0000000000000000        0x0 c:/st/stm32cubeide_1.11.2/stm32cubeide/plugins/com.st.stm32cube.ide.mcu.externaltools.gnu-tools-for-stm32.10.3-2021.10.win32_1.0.100.202210260954/tools/bin/../lib/gcc/arm-none-eabi/10.3.1/thumb/v7-m/nofp/crtn.o

Memory Configuration

Name             Origin             Length             Attributes
RAM              0x0000000020000000 0x0000000000005000 xrw
FLASH            0x0000000008000000 0x0000000000010000 xr
*default*        0x0000000000000000 0xffffffffffffffff

Linker script and memory map

LOAD c:/st/stm32cubeide_1.11.2/stm32cubeide/plugins/com.st.stm32cube.ide.mcu.externaltools.gnu-tools-for-stm32.10.3-2021.10.win32_1.0.100.202210260954/tools/bin/../lib/gcc/arm-none-eabi/10.3.1/thumb/v7-m/nofp/crti.o
LOAD c:/st/stm32cubeide_1.11.2/stm32cubeide/plugins/com.st.stm32cube.ide.mcu.externaltools.gnu-tools-for-stm32.10.3-2021.10.win32_1.0.100.202210260954/tools/bin/../lib/gcc/arm-none-eabi/10.3.1/thumb/v7-m/nofp/crtbegin.o
LOAD c:/st/stm32cubeide_1.11.2/stm32cubeide/plugins/com.st.stm32cube.ide.mcu.externaltools.gnu-tools-for-stm32.10.3-2021.10.win32_1.0.100.202210260954/tools/bin/../lib/gcc/arm-none-eabi/10.3.1/../../../../arm-none-eabi/lib/thumb/v7-m/nofp/crt0.o
LOAD ./Src/DIO_prog.o
LOAD ./Src/EXTI_program.o
LOAD ./Src/NVIC_prog.o
LOAD ./Src/PB_prog.o
LOAD ./Src/RCC_program.o
LOAD ./Src/RTOS_main.o
LOAD ./Src/RTOS_program.o
LOAD ./Src/STK_program.o
LOAD ./Src/syscalls.o
LOAD ./Src/sysmem.o
LOAD ./Startup/startup_stm32f103c8tx.o
START GROUP
LOAD c:/st/stm32cubeide_1.11.2/stm32cubeide/plugins/com.st.stm32cube.ide.mcu.externaltools.gnu-tools-for-stm32.10.3-2021.10.win32_1.0.100.202210260954/tools/bin/../lib/gcc/arm-none-eabi/10.3.1/../../../../arm-none-eabi/lib/thumb/v7-m/nofp\libc_nano.a
LOAD c:/st/stm32cubeide_1.11.2/stm32cubeide/plugins/com.st.stm32cube.ide.mcu.externaltools.gnu-tools-for-stm32.10.3-2021.10.win32_1.0.100.202210260954/tools/bin/../lib/gcc/arm-none-eabi/10.3.1/../../../../arm-none-eabi/lib/thumb/v7-m/nofp\libm.a
END GROUP
START GROUP
LOAD c:/st/stm32cubeide_1.11.2/stm32cubeide/plugins/com.st.stm32cube.ide.mcu.externaltools.gnu-tools-for-stm32.10.3-2021.10.win32_1.0.100.202210260954/tools/bin/../lib/gcc/arm-none-eabi/10.3.1/thumb/v7-m/nofp\libgcc.a
LOAD c:/st/stm32cubeide_1.11.2/stm32cubeide/plugins/com.st.stm32cube.ide.mcu.externaltools.gnu-tools-for-stm32.10.3-2021.10.win32_1.0.100.202210260954/tools/bin/../lib/gcc/arm-none-eabi/10.3.1/../../../../arm-none-eabi/lib/thumb/v7-m/nofp\libc_nano.a
END GROUP
START GROUP
LOAD c:/st/stm32cubeide_1.11.2/stm32cubeide/plugins/com.st.stm32cube.ide.mcu.externaltools.gnu-tools-for-stm32.10.3-2021.10.win32_1.0.100.202210260954/tools/bin/../lib/gcc/arm-none-eabi/10.3.1/thumb/v7-m/nofp\libgcc.a
LOAD c:/st/stm32cubeide_1.11.2/stm32cubeide/plugins/com.st.stm32cube.ide.mcu.externaltools.gnu-tools-for-stm32.10.3-2021.10.win32_1.0.100.202210260954/tools/bin/../lib/gcc/arm-none-eabi/10.3.1/../../../../arm-none-eabi/lib/thumb/v7-m/nofp\libc_nano.a
LOAD c:/st/stm32cubeide_1.11.2/stm32cubeide/plugins/com.st.stm32cube.ide.mcu.externaltools.gnu-tools-for-stm32.10.3-2021.10.win32_1.0.100.202210260954/tools/bin/../lib/gcc/arm-none-eabi/10.3.1/../../../../arm-none-eabi/lib/thumb/v7-m/nofp\libnosys.a
END GROUP
START GROUP
LOAD c:/st/stm32cubeide_1.11.2/stm32cubeide/plugins/com.st.stm32cube.ide.mcu.externaltools.gnu-tools-for-stm32.10.3-2021.10.win32_1.0.100.202210260954/tools/bin/../lib/gcc/arm-none-eabi/10.3.1/thumb/v7-m/nofp\libgcc.a
LOAD c:/st/stm32cubeide_1.11.2/stm32cubeide/plugins/com.st.stm32cube.ide.mcu.externaltools.gnu-tools-for-stm32.10.3-2021.10.win32_1.0.100.202210260954/tools/bin/../lib/gcc/arm-none-eabi/10.3.1/../../../../arm-none-eabi/lib/thumb/v7-m/nofp\libc_nano.a
LOAD c:/st/stm32cubeide_1.11.2/stm32cubeide/plugins/com.st.stm32cube.ide.mcu.externaltools.gnu-tools-for-stm32.10.3-2021.10.win32_1.0.100.202210260954/tools/bin/../lib/gcc/arm-none-eabi/10.3.1/../../../../arm-none-eabi/lib/thumb/v7-m/nofp\libnosys.a
END GROUP
LOAD c:/st/stm32cubeide_1.11.2/stm32cubeide/plugins/com.st.stm32cube.ide.mcu.externaltools.gnu-tools-for-stm32.10.3-2021.10.win32_1.0.100.202210260954/tools/bin/../lib/gcc/arm-none-eabi/10.3.1/thumb/v7-m/nofp/crtend.o
LOAD c:/st/stm32cubeide_1.11.2/stm32cubeide/plugins/com.st.stm32cube.ide.mcu.externaltools.gnu-tools-for-stm32.10.3-2021.10.win32_1.0.100.202210260954/tools/bin/../lib/gcc/arm-none-eabi/10.3.1/thumb/v7-m/nofp/crtn.o
                0x0000000020005000                _estack = (ORIGIN (RAM) + LENGTH (RAM))
                0x0000000000000200                _Min_Heap_Size = 0x200
                0x0000000000000400                _Min_Stack_Size = 0x400

.isr_vector     0x0000000008000000      0x130
                0x0000000008000000                . = ALIGN (0x4)
 *(.isr_vector)
 .isr_vector    0x0000000008000000      0x130 ./Startup/startup_stm32f103c8tx.o
                0x0000000008000000                g_pfnVectors
                0x0000000008000130                . = ALIGN (0x4)

.text           0x0000000008000130      0x718
                0x0000000008000130                . = ALIGN (0x4)
 *(.text)
 .text          0x0000000008000130       0x40 c:/st/stm32cubeide_1.11.2/stm32cubeide/plugins/com.st.stm32cube.ide.mcu.externaltools.gnu-tools-for-stm32.10.3-2021.10.win32_1.0.100.202210260954/tools/bin/../lib/gcc/arm-none-eabi/10.3.1/thumb/v7-m/nofp/crtbegin.o
 *(.text*)
 .text.M_GPIO_void_SetPinDir
                0x0000000008000170      0x1ac ./Src/DIO_prog.o
                0x0000000008000170                M_GPIO_void_SetPinDir
 .text.M_GPIO_void_SetPinValue
                0x000000000800031c       0xf4 ./Src/DIO_prog.o
                0x000000000800031c                M_GPIO_void_SetPinValue
 .text.EXTI0_IRQHandler
                0x0000000008000410       0x14 ./Src/EXTI_program.o
                0x0000000008000410                EXTI0_IRQHandler
 .text.EXTI1_IRQHandler
                0x0000000008000424       0x14 ./Src/NVIC_prog.o
                0x0000000008000424                EXTI1_IRQHandler
 .text.MRCC_voidSysClkInit
                0x0000000008000438       0x38 ./Src/RCC_program.o
                0x0000000008000438                MRCC_voidSysClkInit
 .text.MRCC_voidEnablePerClk
                0x0000000008000470       0x84 ./Src/RCC_program.o
                0x0000000008000470                MRCC_voidEnablePerClk
 .text.main     0x00000000080004f4       0x64 ./Src/RTOS_main.o
                0x00000000080004f4                main
 .text.Task1    0x0000000008000558       0x38 ./Src/RTOS_main.o
                0x0000000008000558                Task1
 .text.Task2    0x0000000008000590       0x38 ./Src/RTOS_main.o
                0x0000000008000590                Task2
 .text.Task3    0x00000000080005c8       0x38 ./Src/RTOS_main.o
                0x00000000080005c8                Task3
 .text.RTOS_voidInit
                0x0000000008000600       0x1c ./Src/RTOS_program.o
                0x0000000008000600                RTOS_voidInit
 .text.RTOS_voidCreatTask
                0x000000000800061c       0x44 ./Src/RTOS_program.o
                0x000000000800061c                RTOS_voidCreatTask
 .text.RTOS_voidScheduler
                0x0000000008000660       0x74 ./Src/RTOS_program.o
 .text.STK_voidInit
                0x00000000080006d4       0x18 ./Src/STK_program.o
                0x00000000080006d4                STK_voidInit
 .text.STK_voidSetIntervalPeriodic
                0x00000000080006ec       0x4c ./Src/STK_program.o
                0x00000000080006ec                STK_voidSetIntervalPeriodic
 .text.SysTick_Handler
                0x0000000008000738       0x5c ./Src/STK_program.o
                0x0000000008000738                SysTick_Handler
 .text.Reset_Handler
                0x0000000008000794       0x50 ./Startup/startup_stm32f103c8tx.o
                0x0000000008000794                Reset_Handler
 .text.Default_Handler
                0x00000000080007e4        0x2 ./Startup/startup_stm32f103c8tx.o
                0x00000000080007e4                EXTI2_IRQHandler
                0x00000000080007e4                TIM8_TRG_COM_IRQHandler
                0x00000000080007e4                TIM8_CC_IRQHandler
                0x00000000080007e4                DebugMon_Handler
                0x00000000080007e4                TIM1_CC_IRQHandler
                0x00000000080007e4                HardFault_Handler
                0x00000000080007e4                TIM6_IRQHandler
                0x00000000080007e4                PVD_IRQHandler
                0x00000000080007e4                SDIO_IRQHandler
                0x00000000080007e4                PendSV_Handler
                0x00000000080007e4                NMI_Handler
                0x00000000080007e4                EXTI3_IRQHandler
                0x00000000080007e4                USB_HP_CAN_TX_IRQHandler
                0x00000000080007e4                I2C2_EV_IRQHandler
                0x00000000080007e4                UsageFault_Handler
                0x00000000080007e4                ADC1_2_IRQHandler
                0x00000000080007e4                SPI1_IRQHandler
                0x00000000080007e4                CAN_SCE_IRQHandler
                0x00000000080007e4                TAMPER_IRQHandler
                0x00000000080007e4                TIM8_UP_IRQHandler
                0x00000000080007e4                DMA2_Channel2_IRQHandler
                0x00000000080007e4                DMA1_Channel4_IRQHandler
                0x00000000080007e4                USART3_IRQHandler
                0x00000000080007e4                RTC_IRQHandler
                0x00000000080007e4                DMA1_Channel7_IRQHandler
                0x00000000080007e4                UART5_IRQHandler
                0x00000000080007e4                ADC3_IRQHandler
                0x00000000080007e4                TIM4_IRQHandler
                0x00000000080007e4                CAN_RX1_IRQHandler
                0x00000000080007e4                DMA2_Channel1_IRQHandler
                0x00000000080007e4                I2C1_EV_IRQHandler
                0x00000000080007e4                DMA1_Channel6_IRQHandler
                0x00000000080007e4                UART4_IRQHandler
                0x00000000080007e4                TIM3_IRQHandler
                0x00000000080007e4                RCC_IRQHandler
                0x00000000080007e4                TIM1_TRG_COM_IRQHandler
                0x00000000080007e4                DMA1_Channel1_IRQHandler
                0x00000000080007e4                Default_Handler
                0x00000000080007e4                EXTI15_10_IRQHandler
                0x00000000080007e4                TIM7_IRQHandler
                0x00000000080007e4                TIM5_IRQHandler
                0x00000000080007e4                EXTI9_5_IRQHandler
                0x00000000080007e4                SPI2_IRQHandler
                0x00000000080007e4                USB_LP_CAN_RX0_IRQHandler
                0x00000000080007e4                MemManage_Handler
                0x00000000080007e4                SVC_Handler
                0x00000000080007e4                DMA1_Channel5_IRQHandler
                0x00000000080007e4                EXTI4_IRQHandler
                0x00000000080007e4                DMA1_Channel3_IRQHandler
                0x00000000080007e4                FSMC_IRQHandler
                0x00000000080007e4                TIM1_UP_IRQHandler
                0x00000000080007e4                WWDG_IRQHandler
                0x00000000080007e4                TIM2_IRQHandler
                0x00000000080007e4                TIM1_BRK_IRQHandler
                0x00000000080007e4                RTCAlarm_IRQHandler
                0x00000000080007e4                DMA2_Channel4_5_IRQHandler
                0x00000000080007e4                USART2_IRQHandler
                0x00000000080007e4                I2C2_ER_IRQHandler
                0x00000000080007e4                DMA1_Channel2_IRQHandler
                0x00000000080007e4                TIM8_BRK_IRQHandler
                0x00000000080007e4                FLASH_IRQHandler
                0x00000000080007e4                BusFault_Handler
                0x00000000080007e4                USART1_IRQHandler
                0x00000000080007e4                SPI3_IRQHandler
                0x00000000080007e4                I2C1_ER_IRQHandler
                0x00000000080007e4                DMA2_Channel3_IRQHandler
 *fill*         0x00000000080007e6        0x2 
 .text.__libc_init_array
                0x00000000080007e8       0x48 c:/st/stm32cubeide_1.11.2/stm32cubeide/plugins/com.st.stm32cube.ide.mcu.externaltools.gnu-tools-for-stm32.10.3-2021.10.win32_1.0.100.202210260954/tools/bin/../lib/gcc/arm-none-eabi/10.3.1/../../../../arm-none-eabi/lib/thumb/v7-m/nofp\libc_nano.a(lib_a-init.o)
                0x00000000080007e8                __libc_init_array
 *(.glue_7)
 .glue_7        0x0000000008000830        0x0 linker stubs
 *(.glue_7t)
 .glue_7t       0x0000000008000830        0x0 linker stubs
 *(.eh_frame)
 .eh_frame      0x0000000008000830        0x0 c:/st/stm32cubeide_1.11.2/stm32cubeide/plugins/com.st.stm32cube.ide.mcu.externaltools.gnu-tools-for-stm32.10.3-2021.10.win32_1.0.100.202210260954/tools/bin/../lib/gcc/arm-none-eabi/10.3.1/thumb/v7-m/nofp/crtbegin.o
 *(.init)
 .init          0x0000000008000830        0x4 c:/st/stm32cubeide_1.11.2/stm32cubeide/plugins/com.st.stm32cube.ide.mcu.externaltools.gnu-tools-for-stm32.10.3-2021.10.win32_1.0.100.202210260954/tools/bin/../lib/gcc/arm-none-eabi/10.3.1/thumb/v7-m/nofp/crti.o
                0x0000000008000830                _init
 .init          0x0000000008000834        0x8 c:/st/stm32cubeide_1.11.2/stm32cubeide/plugins/com.st.stm32cube.ide.mcu.externaltools.gnu-tools-for-stm32.10.3-2021.10.win32_1.0.100.202210260954/tools/bin/../lib/gcc/arm-none-eabi/10.3.1/thumb/v7-m/nofp/crtn.o
 *(.fini)
 .fini          0x000000000800083c        0x4 c:/st/stm32cubeide_1.11.2/stm32cubeide/plugins/com.st.stm32cube.ide.mcu.externaltools.gnu-tools-for-stm32.10.3-2021.10.win32_1.0.100.202210260954/tools/bin/../lib/gcc/arm-none-eabi/10.3.1/thumb/v7-m/nofp/crti.o
                0x000000000800083c                _fini
 .fini          0x0000000008000840        0x8 c:/st/stm32cubeide_1.11.2/stm32cubeide/plugins/com.st.stm32cube.ide.mcu.externaltools.gnu-tools-for-stm32.10.3-2021.10.win32_1.0.100.202210260954/tools/bin/../lib/gcc/arm-none-eabi/10.3.1/thumb/v7-m/nofp/crtn.o
                0x0000000008000848                . = ALIGN (0x4)
                0x0000000008000848                _etext = .

.vfp11_veneer   0x0000000008000848        0x0
 .vfp11_veneer  0x0000000008000848        0x0 linker stubs

.v4_bx          0x0000000008000848        0x0
 .v4_bx         0x0000000008000848        0x0 linker stubs

.iplt           0x0000000008000848        0x0
 .iplt          0x0000000008000848        0x0 c:/st/stm32cubeide_1.11.2/stm32cubeide/plugins/com.st.stm32cube.ide.mcu.externaltools.gnu-tools-for-stm32.10.3-2021.10.win32_1.0.100.202210260954/tools/bin/../lib/gcc/arm-none-eabi/10.3.1/thumb/v7-m/nofp/crtbegin.o

.rel.dyn        0x0000000008000848        0x0
 .rel.iplt      0x0000000008000848        0x0 c:/st/stm32cubeide_1.11.2/stm32cubeide/plugins/com.st.stm32cube.ide.mcu.externaltools.gnu-tools-for-stm32.10.3-2021.10.win32_1.0.100.202210260954/tools/bin/../lib/gcc/arm-none-eabi/10.3.1/thumb/v7-m/nofp/crtbegin.o

.rodata         0x0000000008000848        0x0
                0x0000000008000848                . = ALIGN (0x4)
 *(.rodata)
 *(.rodata*)
                0x0000000008000848                . = ALIGN (0x4)

.ARM.extab      0x0000000008000848        0x0
                0x0000000008000848                . = ALIGN (0x4)
 *(.ARM.extab* .gnu.linkonce.armextab.*)
                0x0000000008000848                . = ALIGN (0x4)

.ARM            0x0000000008000848        0x0
                0x0000000008000848                . = ALIGN (0x4)
                0x0000000008000848                __exidx_start = .
 *(.ARM.exidx*)
                0x0000000008000848                __exidx_end = .
                0x0000000008000848                . = ALIGN (0x4)

.preinit_array  0x0000000008000848        0x0
                0x0000000008000848                . = ALIGN (0x4)
                0x0000000008000848                PROVIDE (__preinit_array_start = .)
 *(.preinit_array*)
                0x0000000008000848                PROVIDE (__preinit_array_end = .)
                0x0000000008000848                . = ALIGN (0x4)

.init_array     0x0000000008000848        0x4
                0x0000000008000848                . = ALIGN (0x4)
                0x0000000008000848                PROVIDE (__init_array_start = .)
 *(SORT_BY_NAME(.init_array.*))
 *(.init_array*)
 .init_array    0x0000000008000848        0x4 c:/st/stm32cubeide_1.11.2/stm32cubeide/plugins/com.st.stm32cube.ide.mcu.externaltools.gnu-tools-for-stm32.10.3-2021.10.win32_1.0.100.202210260954/tools/bin/../lib/gcc/arm-none-eabi/10.3.1/thumb/v7-m/nofp/crtbegin.o
                0x000000000800084c                PROVIDE (__init_array_end = .)
                0x000000000800084c                . = ALIGN (0x4)

.fini_array     0x000000000800084c        0x4
                0x000000000800084c                . = ALIGN (0x4)
                [!provide]                        PROVIDE (__fini_array_start = .)
 *(SORT_BY_NAME(.fini_array.*))
 *(.fini_array*)
 .fini_array    0x000000000800084c        0x4 c:/st/stm32cubeide_1.11.2/stm32cubeide/plugins/com.st.stm32cube.ide.mcu.externaltools.gnu-tools-for-stm32.10.3-2021.10.win32_1.0.100.202210260954/tools/bin/../lib/gcc/arm-none-eabi/10.3.1/thumb/v7-m/nofp/crtbegin.o
                [!provide]                        PROVIDE (__fini_array_end = .)
                0x0000000008000850                . = ALIGN (0x4)
                0x0000000008000850                _sidata = LOADADDR (.data)

.data           0x0000000020000000        0x0 load address 0x0000000008000850
                0x0000000020000000                . = ALIGN (0x4)
                0x0000000020000000                _sdata = .
 *(.data)
 *(.data*)
 *(.RamFunc)
 *(.RamFunc*)
                0x0000000020000000                . = ALIGN (0x4)
                0x0000000020000000                _edata = .

.igot.plt       0x0000000020000000        0x0 load address 0x0000000008000850
 .igot.plt      0x0000000020000000        0x0 c:/st/stm32cubeide_1.11.2/stm32cubeide/plugins/com.st.stm32cube.ide.mcu.externaltools.gnu-tools-for-stm32.10.3-2021.10.win32_1.0.100.202210260954/tools/bin/../lib/gcc/arm-none-eabi/10.3.1/thumb/v7-m/nofp/crtbegin.o
                0x0000000020000000                . = ALIGN (0x4)

.bss            0x0000000020000000       0x48 load address 0x0000000008000850
                0x0000000020000000                _sbss = .
                0x0000000020000000                __bss_start__ = _sbss
 *(.bss)
 .bss           0x0000000020000000       0x1c c:/st/stm32cubeide_1.11.2/stm32cubeide/plugins/com.st.stm32cube.ide.mcu.externaltools.gnu-tools-for-stm32.10.3-2021.10.win32_1.0.100.202210260954/tools/bin/../lib/gcc/arm-none-eabi/10.3.1/thumb/v7-m/nofp/crtbegin.o
 *(.bss*)
 .bss.EXTI0_CallBack
                0x000000002000001c        0x4 ./Src/EXTI_program.o
 .bss.EXTI1_CallBack
                0x0000000020000020        0x4 ./Src/NVIC_prog.o
 .bss.flag1.2   0x0000000020000024        0x1 ./Src/RTOS_main.o
 .bss.flag2.1   0x0000000020000025        0x1 ./Src/RTOS_main.o
 .bss.flag3.0   0x0000000020000026        0x1 ./Src/RTOS_main.o
 *fill*         0x0000000020000027        0x1 
 .bss.Tasks     0x0000000020000028       0x18 ./Src/RTOS_program.o
 .bss.SysTick_CallBack
                0x0000000020000040        0x4 ./Src/STK_program.o
 .bss.STK_u8ModeOfInterval
                0x0000000020000044        0x1 ./Src/STK_program.o
 *(COMMON)
                0x0000000020000048                . = ALIGN (0x4)
 *fill*         0x0000000020000045        0x3 
                0x0000000020000048                _ebss = .
                0x0000000020000048                __bss_end__ = _ebss

._user_heap_stack
                0x0000000020000048      0x600 load address 0x0000000008000850
                0x0000000020000048                . = ALIGN (0x8)
                [!provide]                        PROVIDE (end = .)
                0x0000000020000048                PROVIDE (_end = .)
                0x0000000020000248                . = (. + _Min_Heap_Size)
 *fill*         0x0000000020000048      0x200 
                0x0000000020000648                . = (. + _Min_Stack_Size)
 *fill*         0x0000000020000248      0x400 
                0x0000000020000648                . = ALIGN (0x8)

/DISCARD/
 libc.a(*)
 libm.a(*)
 libgcc.a(*)

.ARM.attributes
                0x0000000000000000       0x29
 *(.ARM.attributes)
 .ARM.attributes
                0x0000000000000000       0x1d c:/st/stm32cubeide_1.11.2/stm32cubeide/plugins/com.st.stm32cube.ide.mcu.externaltools.gnu-tools-for-stm32.10.3-2021.10.win32_1.0.100.202210260954/tools/bin/../lib/gcc/arm-none-eabi/10.3.1/thumb/v7-m/nofp/crti.o
 .ARM.attributes
                0x000000000000001d       0x2d c:/st/stm32cubeide_1.11.2/stm32cubeide/plugins/com.st.stm32cube.ide.mcu.externaltools.gnu-tools-for-stm32.10.3-2021.10.win32_1.0.100.202210260954/tools/bin/../lib/gcc/arm-none-eabi/10.3.1/thumb/v7-m/nofp/crtbegin.o
 .ARM.attributes
                0x000000000000004a       0x2d ./Src/DIO_prog.o
 .ARM.attributes
                0x0000000000000077       0x2d ./Src/EXTI_program.o
 .ARM.attributes
                0x00000000000000a4       0x2d ./Src/NVIC_prog.o
 .ARM.attributes
                0x00000000000000d1       0x2d ./Src/RCC_program.o
 .ARM.attributes
                0x00000000000000fe       0x2d ./Src/RTOS_main.o
 .ARM.attributes
                0x000000000000012b       0x2d ./Src/RTOS_program.o
 .ARM.attributes
                0x0000000000000158       0x2d ./Src/STK_program.o
 .ARM.attributes
                0x0000000000000185       0x21 ./Startup/startup_stm32f103c8tx.o
 .ARM.attributes
                0x00000000000001a6       0x2d c:/st/stm32cubeide_1.11.2/stm32cubeide/plugins/com.st.stm32cube.ide.mcu.externaltools.gnu-tools-for-stm32.10.3-2021.10.win32_1.0.100.202210260954/tools/bin/../lib/gcc/arm-none-eabi/10.3.1/../../../../arm-none-eabi/lib/thumb/v7-m/nofp\libc_nano.a(lib_a-init.o)
 .ARM.attributes
                0x00000000000001d3       0x1d c:/st/stm32cubeide_1.11.2/stm32cubeide/plugins/com.st.stm32cube.ide.mcu.externaltools.gnu-tools-for-stm32.10.3-2021.10.win32_1.0.100.202210260954/tools/bin/../lib/gcc/arm-none-eabi/10.3.1/thumb/v7-m/nofp/crtn.o
OUTPUT(ARTOS_ARMTEST.elf elf32-littlearm)
LOAD linker stubs
LOAD c:/st/stm32cubeide_1.11.2/stm32cubeide/plugins/com.st.stm32cube.ide.mcu.externaltools.gnu-tools-for-stm32.10.3-2021.10.win32_1.0.100.202210260954/tools/bin/../lib/gcc/arm-none-eabi/10.3.1/../../../../arm-none-eabi/lib/thumb/v7-m/nofp\libc.a
LOAD c:/st/stm32cubeide_1.11.2/stm32cubeide/plugins/com.st.stm32cube.ide.mcu.externaltools.gnu-tools-for-stm32.10.3-2021.10.win32_1.0.100.202210260954/tools/bin/../lib/gcc/arm-none-eabi/10.3.1/../../../../arm-none-eabi/lib/thumb/v7-m/nofp\libm.a
LOAD c:/st/stm32cubeide_1.11.2/stm32cubeide/plugins/com.st.stm32cube.ide.mcu.externaltools.gnu-tools-for-stm32.10.3-2021.10.win32_1.0.100.202210260954/tools/bin/../lib/gcc/arm-none-eabi/10.3.1/thumb/v7-m/nofp\libgcc.a

.debug_info     0x0000000000000000      0xba6
 .debug_info    0x0000000000000000      0x147 ./Src/DIO_prog.o
 .debug_info    0x0000000000000147      0x1c4 ./Src/EXTI_program.o
 .debug_info    0x000000000000030b      0x218 ./Src/NVIC_prog.o
 .debug_info    0x0000000000000523       0xf5 ./Src/RCC_program.o
 .debug_info    0x0000000000000618      0x198 ./Src/RTOS_main.o
 .debug_info    0x00000000000007b0      0x1b5 ./Src/RTOS_program.o
 .debug_info    0x0000000000000965      0x21f ./Src/STK_program.o
 .debug_info    0x0000000000000b84       0x22 ./Startup/startup_stm32f103c8tx.o

.debug_abbrev   0x0000000000000000      0x644
 .debug_abbrev  0x0000000000000000       0x92 ./Src/DIO_prog.o
 .debug_abbrev  0x0000000000000092      0x10b ./Src/EXTI_program.o
 .debug_abbrev  0x000000000000019d       0xe0 ./Src/NVIC_prog.o
 .debug_abbrev  0x000000000000027d       0x78 ./Src/RCC_program.o
 .debug_abbrev  0x00000000000002f5       0xc4 ./Src/RTOS_main.o
 .debug_abbrev  0x00000000000003b9      0x14e ./Src/RTOS_program.o
 .debug_abbrev  0x0000000000000507      0x12b ./Src/STK_program.o
 .debug_abbrev  0x0000000000000632       0x12 ./Startup/startup_stm32f103c8tx.o

.debug_aranges  0x0000000000000000      0x1f8
 .debug_aranges
                0x0000000000000000       0x30 ./Src/DIO_prog.o
 .debug_aranges
                0x0000000000000030       0x48 ./Src/EXTI_program.o
 .debug_aranges
                0x0000000000000078       0x68 ./Src/NVIC_prog.o
 .debug_aranges
                0x00000000000000e0       0x30 ./Src/RCC_program.o
 .debug_aranges
                0x0000000000000110       0x38 ./Src/RTOS_main.o
 .debug_aranges
                0x0000000000000148       0x30 ./Src/RTOS_program.o
 .debug_aranges
                0x0000000000000178       0x58 ./Src/STK_program.o
 .debug_aranges
                0x00000000000001d0       0x28 ./Startup/startup_stm32f103c8tx.o

.debug_ranges   0x0000000000000000      0x180
 .debug_ranges  0x0000000000000000       0x20 ./Src/DIO_prog.o
 .debug_ranges  0x0000000000000020       0x38 ./Src/EXTI_program.o
 .debug_ranges  0x0000000000000058       0x58 ./Src/NVIC_prog.o
 .debug_ranges  0x00000000000000b0       0x20 ./Src/RCC_program.o
 .debug_ranges  0x00000000000000d0       0x28 ./Src/RTOS_main.o
 .debug_ranges  0x00000000000000f8       0x20 ./Src/RTOS_program.o
 .debug_ranges  0x0000000000000118       0x48 ./Src/STK_program.o
 .debug_ranges  0x0000000000000160       0x20 ./Startup/startup_stm32f103c8tx.o

.debug_macro    0x0000000000000000      0xf95
 .debug_macro   0x0000000000000000       0x35 ./Src/DIO_prog.o
 .debug_macro   0x0000000000000035      0xa72 ./Src/DIO_prog.o
 .debug_macro   0x0000000000000aa7       0x10 ./Src/DIO_prog.o
 .debug_macro   0x0000000000000ab7       0x22 ./Src/DIO_prog.o
 .debug_macro   0x0000000000000ad9       0x9a ./Src/DIO_prog.o
 .debug_macro   0x0000000000000b73       0xe2 ./Src/DIO_prog.o
 .debug_macro   0x0000000000000c55       0x51 ./Src/EXTI_program.o
 .debug_macro   0x0000000000000ca6       0x10 ./Src/EXTI_program.o
 .debug_macro   0x0000000000000cb6       0x22 ./Src/EXTI_program.o
 .debug_macro   0x0000000000000cd8       0x70 ./Src/EXTI_program.o
 .debug_macro   0x0000000000000d48       0x10 ./Src/EXTI_program.o
 .debug_macro   0x0000000000000d58       0x22 ./Src/EXTI_program.o
 .debug_macro   0x0000000000000d7a       0x10 ./Src/EXTI_program.o
 .debug_macro   0x0000000000000d8a       0x45 ./Src/NVIC_prog.o
 .debug_macro   0x0000000000000dcf       0x3e ./Src/RCC_program.o
 .debug_macro   0x0000000000000e0d       0x5e ./Src/RCC_program.o
 .debug_macro   0x0000000000000e6b       0x10 ./Src/RCC_program.o
 .debug_macro   0x0000000000000e7b       0x49 ./Src/RTOS_main.o
 .debug_macro   0x0000000000000ec4       0x4a ./Src/RTOS_program.o
 .debug_macro   0x0000000000000f0e       0x10 ./Src/RTOS_program.o
 .debug_macro   0x0000000000000f1e       0x3f ./Src/STK_program.o
 .debug_macro   0x0000000000000f5d       0x28 ./Src/STK_program.o
 .debug_macro   0x0000000000000f85       0x10 ./Src/STK_program.o

.debug_line     0x0000000000000000      0xb10
 .debug_line    0x0000000000000000      0x200 ./Src/DIO_prog.o
 .debug_line    0x0000000000000200      0x156 ./Src/EXTI_program.o
 .debug_line    0x0000000000000356      0x1ff ./Src/NVIC_prog.o
 .debug_line    0x0000000000000555      0x10e ./Src/RCC_program.o
 .debug_line    0x0000000000000663      0x13d ./Src/RTOS_main.o
 .debug_line    0x00000000000007a0      0x12c ./Src/RTOS_program.o
 .debug_line    0x00000000000008cc      0x1c0 ./Src/STK_program.o
 .debug_line    0x0000000000000a8c       0x84 ./Startup/startup_stm32f103c8tx.o

.debug_str      0x0000000000000000     0x3eac
 .debug_str     0x0000000000000000     0x33b3 ./Src/DIO_prog.o
                                       0x340b (size before relaxing)
 .debug_str     0x00000000000033b3      0x3fd ./Src/EXTI_program.o
                                       0x31a5 (size before relaxing)
 .debug_str     0x00000000000037b0      0x146 ./Src/NVIC_prog.o
                                       0x31d0 (size before relaxing)
 .debug_str     0x00000000000038f6      0x28f ./Src/RCC_program.o
                                       0x3037 (size before relaxing)
 .debug_str     0x0000000000003b85       0x80 ./Src/RTOS_main.o
                                       0x30d0 (size before relaxing)
 .debug_str     0x0000000000003c05       0xd1 ./Src/RTOS_program.o
                                       0x2eca (size before relaxing)
 .debug_str     0x0000000000003cd6      0x1a5 ./Src/STK_program.o
                                       0x2f8d (size before relaxing)
 .debug_str     0x0000000000003e7b       0x31 ./Startup/startup_stm32f103c8tx.o
                                         0x81 (size before relaxing)

.comment        0x0000000000000000       0x50
 .comment       0x0000000000000000       0x50 ./Src/DIO_prog.o
                                         0x51 (size before relaxing)
 .comment       0x0000000000000050       0x51 ./Src/EXTI_program.o
 .comment       0x0000000000000050       0x51 ./Src/NVIC_prog.o
 .comment       0x0000000000000050       0x51 ./Src/RCC_program.o
 .comment       0x0000000000000050       0x51 ./Src/RTOS_main.o
 .comment       0x0000000000000050       0x51 ./Src/RTOS_program.o
 .comment       0x0000000000000050       0x51 ./Src/STK_program.o

.debug_frame    0x0000000000000000      0x5e0
 .debug_frame   0x0000000000000000       0x88 ./Src/DIO_prog.o
 .debug_frame   0x0000000000000088       0xec ./Src/EXTI_program.o
 .debug_frame   0x0000000000000174      0x18c ./Src/NVIC_prog.o
 .debug_frame   0x0000000000000300       0x80 ./Src/RCC_program.o
 .debug_frame   0x0000000000000380       0x80 ./Src/RTOS_main.o
 .debug_frame   0x0000000000000400       0x78 ./Src/RTOS_program.o
 .debug_frame   0x0000000000000478      0x13c ./Src/STK_program.o
 .debug_frame   0x00000000000005b4       0x2c c:/st/stm32cubeide_1.11.2/stm32cubeide/plugins/com.st.stm32cube.ide.mcu.externaltools.gnu-tools-for-stm32.10.3-2021.10.win32_1.0.100.202210260954/tools/bin/../lib/gcc/arm-none-eabi/10.3.1/../../../../arm-none-eabi/lib/thumb/v7-m/nofp\libc_nano.a(lib_a-init.o)
